base model: {'copy': 1.0, 'reverse': 1.0, 'succ': 1.0, 'sort': 0.945, 'max': 1.0, 'interleave': 1.0, 'rotl': 0.0, 'pred': 0.0, 'swap_pairs': 0.0, 'sort_desc': 0.008, 'add_first': 0.0, 'first_last': 0.0}
=== rx ===
  gate rotl: accepted=True, acc_base=0.00, acc_skill=1.00, gain=1.00, merge_preview_max_anchor_drop=0.98
  [rx] after rotl (52s): copy=1.00 reverse=1.00 succ=1.00 sort=0.95 max=1.00 interleave=1.00 rotl=1.00 pred=0.00 swap_pairs=0.01 sort_desc=0.05 add_first=0.00 first_last=0.00
  gate pred: accepted=True, acc_base=0.00, acc_skill=1.00, gain=1.00, merge_preview_max_anchor_drop=1.00
[rem] step 100/600 loss 8.5018 (24s)
[rem] step 200/600 loss 1.4068 (48s)
[rem] step 300/600 loss 0.8945 (70s)
[rem] step 400/600 loss 0.8747 (93s)
[rem] step 500/600 loss 0.8709 (117s)
[rem] step 600/600 loss 0.8692 (142s)
  sleep: {'skills': ['rotl', 'pred'], 'n_dreams': 384, 'rem_final_loss': 0.8670294880867004, 'protected_fraction': 0.1561627094972067, 'seconds': 144.3368456363678, 'audit': {'commit': True, 'syndrome': [], 'probes': {'copy': {'before': 1.0, 'after': 1.0}, 'reverse': {'before': 1.0, 'after': 1.0}, 'succ': {'before': 1.0, 'after': 1.0}, 'sort': {'before': 0.96875, 'after': 0.90625}, 'max': {'before': 1.0, 'after': 1.0}, 'interleave': {'before': 1.0, 'after': 1.0}, 'rotl': {'before': 0.984375, 'after': 1.0}, 'pred': {'before': 1.0, 'after': 1.0}}}, 'cycle': 1, 'committed': True}
  [rx] after pred (246s): copy=1.00 reverse=0.97 succ=1.00 sort=0.89 max=0.99 interleave=1.00 rotl=1.00 pred=1.00 swap_pairs=0.01 sort_desc=0.05 add_first=0.00 first_last=0.00
  gate swap_pairs: accepted=True, acc_base=0.01, acc_skill=1.00, gain=0.99, merge_preview_max_anchor_drop=0.98
  [rx] after swap_pairs (295s): copy=1.00 reverse=0.97 succ=1.00 sort=0.89 max=0.99 interleave=1.00 rotl=0.93 pred=1.00 swap_pairs=0.93 sort_desc=0.04 add_first=0.00 first_last=0.00
  gate sort_desc: accepted=True, acc_base=0.00, acc_skill=0.98, gain=0.98, merge_preview_max_anchor_drop=1.00
[rem] step 100/600 loss 9.6790 (23s)
[rem] step 200/600 loss 3.9428 (46s)
[rem] step 300/600 loss 2.3629 (69s)
[rem] step 400/600 loss 1.8071 (93s)
[rem] step 500/600 loss 1.4726 (117s)
[rem] step 600/600 loss 1.2906 (142s)
  sleep: {'skills': ['swap_pairs', 'sort_desc'], 'n_dreams': 384, 'rem_final_loss': 1.254086685180664, 'protected_fraction': 0.1940467877094972, 'seconds': 144.55373907089233, 'audit': {'commit': True, 'syndrome': ['sort: regressed 0.91 -> 0.75', 'rotl: regressed 0.98 -> 0.78', 'pred: regressed 1.00 -> 0.78'], 'probes': {'copy': {'before': 1.0, 'after': 0.953125}, 'reverse': {'before': 1.0, 'after': 0.953125}, 'succ': {'before': 1.0, 'after': 1.0}, 'sort': {'before': 0.90625, 'after': 0.75}, 'max': {'before': 1.0, 'after': 0.96875}, 'interleave': {'before': 1.0, 'after': 0.953125}, 'rotl': {'before': 0.984375, 'after': 0.78125}, 'pred': {'before': 1.0, 'after': 0.78125}, 'swap_pairs': {'before': 0.953125, 'after': 0.734375}, 'sort_desc': {'before': 0.921875, 'after': 0.6875}}}, 'cycle': 2, 'committed': True}
  [rx] after sort_desc (487s): copy=0.99 reverse=0.91 succ=1.00 sort=0.74 max=0.98 interleave=0.94 rotl=0.79 pred=0.73 swap_pairs=0.76 sort_desc=0.75 add_first=0.00 first_last=0.00
  gate add_first: accepted=False, acc_base=0.00, acc_skill=0.25, gain=0.25, merge_preview_max_anchor_drop=0.98
  [rx] after add_first (536s): copy=0.99 reverse=0.91 succ=1.00 sort=0.74 max=0.98 interleave=0.94 rotl=0.79 pred=0.73 swap_pairs=0.76 sort_desc=0.75 add_first=0.00 first_last=0.00
  gate first_last: accepted=True, acc_base=0.00, acc_skill=1.00, gain=1.00, merge_preview_max_anchor_drop=0.91
[rem] step 100/600 loss 3.1836 (15s)
[rem] step 200/600 loss 0.9373 (31s)
[rem] step 300/600 loss 0.9046 (46s)
[rem] step 400/600 loss 0.8800 (61s)
[rem] step 500/600 loss 0.8742 (76s)
[rem] step 600/600 loss 0.8749 (93s)
  sleep: {'skills': ['first_last'], 'n_dreams': 384, 'rem_final_loss': 0.8748450696468353, 'protected_fraction': 0.20783868715083798, 'seconds': 95.56632590293884, 'audit': {'commit': True, 'syndrome': ['swap_pairs: regressed 0.73 -> 0.56'], 'probes': {'copy': {'before': 0.953125, 'after': 1.0}, 'reverse': {'before': 0.953125, 'after': 0.984375}, 'succ': {'before': 1.0, 'after': 1.0}, 'sort': {'before': 0.75, 'after': 0.78125}, 'max': {'before': 0.96875, 'after': 1.0}, 'interleave': {'before': 0.953125, 'after': 0.96875}, 'rotl': {'before': 0.78125, 'after': 0.875}, 'pred': {'before': 0.78125, 'after': 0.90625}, 'swap_pairs': {'before': 0.734375, 'after': 0.5625}, 'sort_desc': {'before': 0.671875, 'after': 0.609375}, 'first_last': {'before': 0.96875, 'after': 1.0}}}, 'cycle': 3, 'committed': True}
  [rx] after first_last (678s): copy=1.00 reverse=0.98 succ=1.00 sort=0.78 max=0.99 interleave=0.98 rotl=0.93 pred=0.88 swap_pairs=0.61 sort_desc=0.61 add_first=0.00 first_last=1.00
