base model: {'copy': 1.0, 'reverse': 1.0, 'succ': 1.0, 'sort': 0.945, 'max': 1.0, 'interleave': 1.0, 'rotl': 0.0, 'pred': 0.0, 'swap_pairs': 0.0, 'sort_desc': 0.008, 'add_first': 0.0, 'first_last': 0.0}
=== rx_audit ===
  gate rotl: accepted=True, acc_base=0.00, acc_skill=1.00, gain=1.00, merge_preview_max_anchor_drop=0.98
  [rx_audit] after rotl (53s): copy=1.00 reverse=1.00 succ=1.00 sort=0.95 max=1.00 interleave=1.00 rotl=1.00 pred=0.00 swap_pairs=0.01 sort_desc=0.05 add_first=0.00 first_last=0.00
  gate pred: accepted=True, acc_base=0.00, acc_skill=1.00, gain=1.00, merge_preview_max_anchor_drop=1.00
[rem] step 100/600 loss 8.6342 (24s)
[rem] step 200/600 loss 1.3262 (49s)
[rem] step 300/600 loss 0.8951 (72s)
[rem] step 400/600 loss 0.8756 (96s)
[rem] step 500/600 loss 0.8723 (119s)
[rem] step 600/600 loss 0.8702 (143s)
  sleep: {'skills': ['rotl', 'pred'], 'n_dreams': 384, 'rem_final_loss': 0.86836157143116, 'protected_fraction': 0.1541550279329609, 'seconds': 145.63374066352844, 'audit': {'commit': True, 'syndrome': [], 'probes': {'copy': {'before': 1.0, 'after': 1.0}, 'reverse': {'before': 1.0, 'after': 1.0}, 'succ': {'before': 1.0, 'after': 1.0}, 'sort': {'before': 0.96875, 'after': 0.96875}, 'max': {'before': 1.0, 'after': 1.0}, 'interleave': {'before': 1.0, 'after': 1.0}, 'rotl': {'before': 1.0, 'after': 1.0}, 'pred': {'before': 1.0, 'after': 1.0}}}, 'cycle': 1, 'committed': True}
  [rx_audit] after pred (249s): copy=1.00 reverse=1.00 succ=1.00 sort=0.90 max=1.00 interleave=0.99 rotl=1.00 pred=1.00 swap_pairs=0.01 sort_desc=0.05 add_first=0.00 first_last=0.00
  gate swap_pairs: accepted=True, acc_base=0.01, acc_skill=1.00, gain=0.99, merge_preview_max_anchor_drop=0.99
  [rx_audit] after swap_pairs (300s): copy=1.00 reverse=1.00 succ=1.00 sort=0.90 max=1.00 interleave=0.99 rotl=1.00 pred=1.00 swap_pairs=1.00 sort_desc=0.03 add_first=0.00 first_last=0.00
  gate sort_desc: accepted=True, acc_base=0.05, acc_skill=0.98, gain=0.93, merge_preview_max_anchor_drop=0.99
[rem] step 100/600 loss 9.4483 (24s)
[rem] step 200/600 loss 3.5252 (49s)
[rem] step 300/600 loss 2.0110 (74s)
[rem] step 400/600 loss 1.5330 (99s)
[rem] step 500/600 loss 1.3008 (124s)
[rem] step 600/600 loss 1.2131 (147s)
  sleep: {'skills': ['swap_pairs', 'sort_desc'], 'n_dreams': 384, 'rem_final_loss': 1.1922317802906037, 'protected_fraction': 0.18645251396648044, 'seconds': 149.01808667182922, 'audit': {'commit': False, 'syndrome': ['sort: regressed 0.97 -> 0.78', 'pred: regressed 1.00 -> 0.80'], 'probes': {'copy': {'before': 1.0, 'after': 1.0}, 'reverse': {'before': 1.0, 'after': 0.953125}, 'succ': {'before': 1.0, 'after': 1.0}, 'sort': {'before': 0.96875, 'after': 0.78125}, 'max': {'before': 1.0, 'after': 1.0}, 'interleave': {'before': 1.0, 'after': 0.984375}, 'rotl': {'before': 1.0, 'after': 0.859375}, 'pred': {'before': 1.0, 'after': 0.796875}, 'swap_pairs': {'before': 1.0, 'after': 1.0}, 'sort_desc': {'before': 0.9375, 'after': 0.625}}}, 'cycle': 1, 'committed': False}
  [rx_audit] after sort_desc (499s): copy=1.00 reverse=1.00 succ=1.00 sort=0.90 max=1.00 interleave=0.99 rotl=1.00 pred=1.00 swap_pairs=1.00 sort_desc=0.98 add_first=0.00 first_last=0.00
  gate add_first: accepted=True, acc_base=0.00, acc_skill=0.93, gain=0.93, merge_preview_max_anchor_drop=1.00
[rem] step 100/600 loss 15.0212 (19s)
[rem] step 200/600 loss 7.4360 (39s)
[rem] step 300/600 loss 5.5439 (58s)
[rem] step 400/600 loss 4.3671 (78s)
[rem] step 500/600 loss 3.4417 (97s)
[rem] step 600/600 loss 2.9483 (116s)
  sleep: {'skills': ['swap_pairs', 'sort_desc', 'add_first'], 'n_dreams': 384, 'rem_final_loss': 2.85897376537323, 'protected_fraction': 0.19483240223463688, 'seconds': 117.2100818157196, 'audit': {'commit': False, 'syndrome': ['sort: regressed 0.97 -> 0.69', 'rotl: regressed 1.00 -> 0.81', 'pred: regressed 1.00 -> 0.83', 'sort_desc: not consolidated (0.28 < 0.5)'], 'probes': {'copy': {'before': 1.0, 'after': 1.0}, 'reverse': {'before': 1.0, 'after': 0.890625}, 'succ': {'before': 1.0, 'after': 1.0}, 'sort': {'before': 0.96875, 'after': 0.6875}, 'max': {'before': 1.0, 'after': 1.0}, 'interleave': {'before': 1.0, 'after': 1.0}, 'rotl': {'before': 1.0, 'after': 0.8125}, 'pred': {'before': 1.0, 'after': 0.828125}, 'swap_pairs': {'before': 1.0, 'after': 1.0}, 'sort_desc': {'before': 0.9375, 'after': 0.28125}, 'add_first': {'before': 0.953125, 'after': 0.515625}}}, 'cycle': 1, 'committed': False}
  [rx_audit] after add_first (652s): copy=1.00 reverse=1.00 succ=1.00 sort=0.90 max=1.00 interleave=0.99 rotl=1.00 pred=1.00 swap_pairs=1.00 sort_desc=0.98 add_first=0.93 first_last=0.00
  gate first_last: accepted=True, acc_base=0.00, acc_skill=1.00, gain=1.00, merge_preview_max_anchor_drop=1.00
[rem] step 100/600 loss 19.3576 (24s)
[rem] step 200/600 loss 9.1862 (48s)
[rem] step 300/600 loss 6.7760 (73s)
[rem] step 400/600 loss 5.4073 (97s)
[rem] step 500/600 loss 4.6859 (121s)
[rem] step 600/600 loss 4.2229 (146s)
  sleep: {'skills': ['swap_pairs', 'sort_desc', 'add_first', 'first_last'], 'n_dreams': 384, 'rem_final_loss': 4.095610225200653, 'protected_fraction': 0.19282472067039105, 'seconds': 147.24436783790588, 'audit': {'commit': False, 'syndrome': ['sort: regressed 0.97 -> 0.75', 'pred: regressed 1.00 -> 0.75', 'sort_desc: not consolidated (0.23 < 0.5)', 'add_first: not consolidated (0.17 < 0.5)'], 'probes': {'copy': {'before': 1.0, 'after': 0.984375}, 'reverse': {'before': 1.0, 'after': 0.921875}, 'succ': {'before': 1.0, 'after': 1.0}, 'sort': {'before': 0.96875, 'after': 0.75}, 'max': {'before': 1.0, 'after': 1.0}, 'interleave': {'before': 1.0, 'after': 0.953125}, 'rotl': {'before': 1.0, 'after': 0.96875}, 'pred': {'before': 1.0, 'after': 0.75}, 'swap_pairs': {'before': 1.0, 'after': 1.0}, 'sort_desc': {'before': 0.9375, 'after': 0.234375}, 'add_first': {'before': 0.953125, 'after': 0.171875}, 'first_last': {'before': 1.0, 'after': 1.0}}}, 'cycle': 1, 'committed': False}
  [rx_audit] after first_last (835s): copy=1.00 reverse=1.00 succ=1.00 sort=0.90 max=1.00 interleave=0.99 rotl=1.00 pred=1.00 swap_pairs=1.00 sort_desc=0.98 add_first=0.93 first_last=1.00
